[2025-08-21 16:21:12] [info] Start Program:
Path:".\\x64\\Debug\\mission2.exe"
Arguments:
Working directory: not set.
Modules: Selected: * Excluded: 
Sources: Selected: C:*.cpp Excluded: 
Log Level: Normal
Cover Children: 0
Aggregate by file: 1
Continue after C++ exception: 0
Optimized build support: 0
Export: html coverage 
Input coverage: 
Unified diff: 
Excluded line regular expressions: 
Substitute pdb source paths: 
[2025-08-21 16:21:12] [info] Module: C:\git\BaseballAttendance\mission2\x64\Debug\mission2.exe is selected because it matches selected pattern: *
[2025-08-21 16:21:12] [info] Module: C:\Windows\System32\ntdll.dll is selected because it matches selected pattern: *
[2025-08-21 16:21:12] [info] Module: C:\Windows\System32\kernel32.dll is selected because it matches selected pattern: *
[2025-08-21 16:21:12] [info] Module: C:\Windows\System32\KernelBase.dll is selected because it matches selected pattern: *
[2025-08-21 16:21:12] [info] Module: C:\Windows\System32\vcruntime140d.dll is selected because it matches selected pattern: *
[2025-08-21 16:21:12] [info] Module: C:\Windows\System32\vcruntime140_1d.dll is selected because it matches selected pattern: *
[2025-08-21 16:21:12] [info] Module: C:\Windows\System32\ucrtbased.dll is selected because it matches selected pattern: *
[2025-08-21 16:21:12] [info] Module: C:\Windows\System32\msvcp140d.dll is selected because it matches selected pattern: *
[2025-08-21 16:21:12] [info] Module: C:\Windows\System32\kernel.appcore.dll is selected because it matches selected pattern: *
[2025-08-21 16:21:12] [info] Module: C:\Windows\System32\msvcrt.dll is selected because it matches selected pattern: *
[2025-08-21 16:21:12] [info] Module: C:\Windows\System32\rpcrt4.dll is selected because it matches selected pattern: *
[2025-08-21 16:21:12] [info] ----------------------------------------------------
[2025-08-21 16:21:12] [info] Coverage generated in Folder C:\git\BaseballAttendance\mission2\coverage
[2025-08-21 16:21:12] [info] ----------------------------------------------------
[2025-08-21 16:21:12] [info] The code coverage report is not what you expect? See the FAQ https://github.com/OpenCppCoverage/OpenCppCoverage/wiki/FAQ.
