[2025-08-21 13:17:29] [info] Start Program:
Path:".\\x64\\Debug\\mission2.exe.recipe"
Arguments:
Working directory: not set.
Modules: Selected: * Excluded: 
Sources: Selected: C:*.cpp Excluded: 
Log Level: Normal
Cover Children: 0
Aggregate by file: 1
Continue after C++ exception: 0
Optimized build support: 0
Export: html coverage 
Input coverage: 
Unified diff: 
Excluded line regular expressions: 
Substitute pdb source paths: 
[2025-08-21 13:17:29] [error] Error: Cannot run process, check if it is a valid executable:
Path:".\\x64\\Debug\\mission2.exe.recipe"
Arguments:
Working directory: not set.Last error code:193
